MapCollapsePtfm:dc.w byte_6404-MapCollapsePtfm, byte_6455-MapCollapsePtfm, byte_64A6-MapCollapsePtfm, byte_6524-MapCollapsePtfm

byte_6404:	dc.b $10
		dc.b $C8, $E, 0, $57, $10
		dc.b $D0, $D, 0, $63, $F0
		dc.b $E0, $D, 0, $6B, $10
		dc.b $E0, $D, 0, $73, $F0
		dc.b $D8, 6, 0, $7B, $E0
		dc.b $D8, 6, 0, $81, $D0
		dc.b $F0, $D, 0, $87, $10
		dc.b $F0, $D, 0, $8F, $F0
		dc.b $F0, 5, 0, $97, $E0
		dc.b $F0, 5, 0, $9B, $D0
		dc.b 0, $D, 0, $9F, $10
		dc.b 0, 5, 0, $A7, 0
		dc.b 0, $D, 0, $AB, $E0
		dc.b 0, 5, 0, $B3, $D0
		dc.b $10, $D, 0, $AB, $10
		dc.b $10, 5, 0, $B7, 0

byte_6455:	dc.b $10
		dc.b $C8, $E, 0, $57, $10
		dc.b $D0, $D, 0, $63, $F0
		dc.b $E0, $D, 0, $6B, $10
		dc.b $E0, $D, 0, $73, $F0
		dc.b $D8, 6, 0, $7B, $E0
		dc.b $D8, 6, 0, $BB, $D0
		dc.b $F0, $D, 0, $87, $10
		dc.b $F0, $D, 0, $8F, $F0
		dc.b $F0, 5, 0, $97, $E0
		dc.b $F0, 5, 0, $C1, $D0
		dc.b 0, $D, 0, $9F, $10
		dc.b 0, 5, 0, $A7, 0
		dc.b 0, $D, 0, $AB, $E0
		dc.b 0, 5, 0, $B7, $D0
		dc.b $10, $D, 0, $AB, $10
		dc.b $10, 5, 0, $B7, 0

byte_64A6:	dc.b $19
		dc.b $C8, 6, 0, $5D, $20
		dc.b $C8, 6, 0, $57, $10
		dc.b $D0, 5, 0, $67, 0
		dc.b $D0, 5, 0, $63, $F0
		dc.b $E0, 5, 0, $6F, $20
		dc.b $E0, 5, 0, $6B, $10
		dc.b $E0, 5, 0, $77, 0
		dc.b $E0, 5, 0, $73, $F0
		dc.b $D8, 6, 0, $7B, $E0
		dc.b $D8, 6, 0, $81, $D0
		dc.b $F0, 5, 0, $8B, $20
		dc.b $F0, 5, 0, $87, $10
		dc.b $F0, 5, 0, $93, 0
		dc.b $F0, 5, 0, $8F, $F0
		dc.b $F0, 5, 0, $97, $E0
		dc.b $F0, 5, 0, $9B, $D0
		dc.b 0, 5, 0, $8B, $20
		dc.b 0, 5, 0, $8B, $10
		dc.b 0, 5, 0, $A7, 0
		dc.b 0, 5, 0, $AB, $F0
		dc.b 0, 5, 0, $AB, $E0
		dc.b 0, 5, 0, $B3, $D0
		dc.b $10, 5, 0, $AB, $20
		dc.b $10, 5, 0, $AB, $10
		dc.b $10, 5, 0, $B7, 0

byte_6524:	dc.b $19
		dc.b $C8, 6, 0, $5D, $20
		dc.b $C8, 6, 0, $57, $10
		dc.b $D0, 5, 0, $67, 0
		dc.b $D0, 5, 0, $63, $F0
		dc.b $E0, 5, 0, $6F, $20
		dc.b $E0, 5, 0, $6B, $10
		dc.b $E0, 5, 0, $77, 0
		dc.b $E0, 5, 0, $73, $F0
		dc.b $D8, 6, 0, $7B, $E0
		dc.b $D8, 6, 0, $BB, $D0
		dc.b $F0, 5, 0, $8B, $20
		dc.b $F0, 5, 0, $87, $10
		dc.b $F0, 5, 0, $93, 0
		dc.b $F0, 5, 0, $8F, $F0
		dc.b $F0, 5, 0, $97, $E0
		dc.b $F0, 5, 0, $C1, $D0
		dc.b 0, 5, 0, $8B, $20
		dc.b 0, 5, 0, $8B, $10
		dc.b 0, 5, 0, $A7, 0
		dc.b 0, 5, 0, $AB, $F0
		dc.b 0, 5, 0, $AB, $E0
		dc.b 0, 5, 0, $B7, $D0
		dc.b $10, 5, 0, $AB, $20
		dc.b $10, 5, 0, $AB, $10
		dc.b $10, 5, 0, $B7, 0
