MapMonitor:	dc.w byte_84BC-MapMonitor, byte_84C2-MapMonitor, byte_84CD-MapMonitor
		dc.w byte_84D8-MapMonitor, byte_84E3-MapMonitor, byte_84EE-MapMonitor
		dc.w byte_84F9-MapMonitor, byte_8504-MapMonitor, byte_850F-MapMonitor
		dc.w byte_851A-MapMonitor, byte_8525-MapMonitor, byte_8530-MapMonitor

byte_84BC:	dc.b 1
		dc.b $EF, $F, 0, 0, $F0

byte_84C2:	dc.b 2
		dc.b $F5, 5, 0, $10, $F8
		dc.b $EF, $F, 0, 0, $F0

byte_84CD:	dc.b 2
		dc.b $F5, 5, 0, $14, $F8
		dc.b $EF, $F, 0, 0, $F0

byte_84D8:	dc.b 2
		dc.b $F5, 5, 0, $18, $F8
		dc.b $EF, $F, 0, 0, $F0

byte_84E3:	dc.b 2
		dc.b $F5, 5, 0, $1C, $F8
		dc.b $EF, $F, 0, 0, $F0

byte_84EE:	dc.b 2
		dc.b $F5, 5, 0, $24, $F8
		dc.b $EF, $F, 0, 0, $F0

byte_84F9:	dc.b 2
		dc.b $F5, 5, 0, $28, $F8
		dc.b $EF, $F, 0, 0, $F0

byte_8504:	dc.b 2
		dc.b $F5, 5, 0, $2C, $F8
		dc.b $EF, $F, 0, 0, $F0

byte_850F:	dc.b 2
		dc.b $F5, 5, 0, $30, $F8
		dc.b $EF, $F, 0, 0, $F0

byte_851A:	dc.b 2
		dc.b $F5, 5, 0, $34, $F8
		dc.b $EF, $F, 0, 0, $F0

byte_8525:	dc.b 2
		dc.b $F5, 5, 0, $20, $F8
		dc.b $EF, $F, 0, 0, $F0

byte_8530:	dc.b 1
		dc.b $FF, $D, 0, $38, $F0
