MapYadrin:	dc.w byte_D426-MapYadrin, byte_D440-MapYadrin, byte_D45A-MapYadrin
		dc.w byte_D474-MapYadrin, byte_D48E-MapYadrin, byte_D4A8-MapYadrin

byte_D426:	dc.b 5
		dc.b $F4, 8, 0, 0, $F4
		dc.b $FC, $E, 0, 3, $EC
		dc.b $EC, 4, 0, $F, $FC
		dc.b $F4, 2, 0, $11, $C
		dc.b 4, 9, 0, $31, $FC

byte_D440:	dc.b 5
		dc.b $F4, 8, 0, $14, $F4
		dc.b $FC, $E, 0, $17, $EC
		dc.b $EC, 4, 0, $F, $FC
		dc.b $F4, 2, 0, $11, $C
		dc.b 4, 9, 0, $31, $FC

byte_D45A:	dc.b 5
		dc.b $F4, 9, 0, $23, $F4
		dc.b 4, $D, 0, $29, $EC
		dc.b $EC, 4, 0, $F, $FC
		dc.b $F4, 2, 0, $11, $C
		dc.b 4, 9, 0, $31, $FC

byte_D474:	dc.b 5
		dc.b $F4, 8, 0, 0, $F4
		dc.b $FC, $E, 0, 3, $EC
		dc.b $EC, 4, 0, $F, $FC
		dc.b $F4, 2, 0, $11, $C
		dc.b 4, 9, 0, $37, $FC

byte_D48E:	dc.b 5
		dc.b $F4, 8, 0, $14, $F4
		dc.b $FC, $E, 0, $17, $EC
		dc.b $EC, 4, 0, $F, $FC
		dc.b $F4, 2, 0, $11, $C
		dc.b 4, 9, 0, $37, $FC

byte_D4A8:	dc.b 5
		dc.b $F4, 9, 0, $23, $F4
		dc.b 4, $D, 0, $29, $EC
		dc.b $EC, 4, 0, $F, $FC
		dc.b $F4, 2, 0, $11, $C
		dc.b 4, 9, 0, $37, $FC
